{"type":"exdeorum:sieve","ingredient":{"item":"minecraft:soul_sand"},"mesh":"exdeorum:golden_mesh","result":"minecraft:gold_nugget","result_amount":{"type":"minecraft:binomial","n":1.0,"p":0.15}}