{"type":"exdeorum:sieve","ingredient":{"item":"minecraft:soul_sand"},"mesh":"exdeorum:golden_mesh","result":"minecraft:nether_wart","result_amount":{"type":"minecraft:binomial","n":1.0,"p":0.08}}