{"type":"exdeorum:sieve","ingredient":{"item":"minecraft:red_sand"},"mesh":"exdeorum:golden_mesh","result":"minecraft:redstone","result_amount":{"type":"minecraft:binomial","n":1.0,"p":0.07}}