{"type":"forge:conditional","recipes":[{"conditions":[{"type":"forge:mod_loaded","modid":"biomesoplenty"}],"recipe":{"type":"exdeorum:compressed_sieve","ingredient":{"tag":"exdeorum:compressed/moss_block"},"mesh":"exdeorum:golden_mesh","result":"biomesoplenty:mahogany_sapling","result_amount":{"type":"minecraft:binomial","n":7.0,"p":0.04}}}]}