{"type":"exdeorum:compressed_sieve","ingredient":{"tag":"exdeorum:compressed/crushed_deepslate"},"mesh":"exdeorum:golden_mesh","result":"exdeorum:deepslate_pebble","result_amount":{"type":"minecraft:binomial","n":28.0,"p":0.65}}