{"type":"exdeorum:sieve","ingredient":{"item":"exdeorum:crushed_deepslate"},"mesh":"exdeorum:golden_mesh","result":"minecraft:gold_nugget","result_amount":{"type":"minecraft:binomial","n":3.0,"p":0.1}}