{"type":"exdeorum:sieve","ingredient":{"item":"exdeorum:crushed_deepslate"},"mesh":"exdeorum:golden_mesh","result":"minecraft:raw_gold","result_amount":{"type":"minecraft:binomial","n":1.0,"p":0.05}}