{"type":"exdeorum:sieve","ingredient":{"item":"minecraft:moss_block"},"mesh":"exdeorum:golden_mesh","result":"minecraft:mangrove_propagule","result_amount":{"type":"minecraft:binomial","n":1.0,"p":0.11}}