{"type":"exdeorum:sieve","ingredient":{"item":"minecraft:moss_block"},"mesh":"exdeorum:golden_mesh","result":"minecraft:oak_sapling","result_amount":{"type":"minecraft:binomial","n":1.0,"p":0.13}}