{"type":"exdeorum:compressed_sieve","ingredient":{"tag":"exdeorum:compressed/crushed_blackstone"},"mesh":"exdeorum:golden_mesh","result":"exdeorum:blackstone_pebble","result_amount":{"type":"minecraft:binomial","n":35.0,"p":0.7}}