{"type":"exdeorum:compressed_sieve","ingredient":{"tag":"exdeorum:compressed/red_sand"},"mesh":"exdeorum:golden_mesh","result":"minecraft:gold_nugget","result_amount":{"type":"minecraft:binomial","n":7.0,"p":0.19}}