{"type":"exdeorum:compressed_sieve","ingredient":{"tag":"exdeorum:compressed/dust"},"mesh":"exdeorum:golden_mesh","result":"minecraft:raw_gold","result_amount":{"type":"minecraft:binomial","n":7.0,"p":0.02}}