{"type":"exdeorum:sieve","ingredient":{"item":"minecraft:dirt"},"mesh":"exdeorum:golden_mesh","result":"minecraft:golden_carrot","result_amount":{"type":"minecraft:binomial","n":1.0,"p":0.02}}