{"type":"exdeorum:sieve","ingredient":{"item":"minecraft:dirt"},"mesh":"exdeorum:golden_mesh","result":"exdeorum:grass_seeds","result_amount":{"type":"minecraft:binomial","n":1.0,"p":0.25}}