{"type":"exdeorum:sieve","ingredient":{"item":"minecraft:dirt"},"mesh":"exdeorum:golden_mesh","result":"exdeorum:mycelium_spores","result_amount":{"type":"minecraft:binomial","n":1.0,"p":0.13}}