{"type":"exdeorum:sieve","ingredient":{"item":"minecraft:dirt"},"mesh":"exdeorum:golden_mesh","result":"exdeorum:stone_pebble","result_amount":{"type":"minecraft:binomial","n":8.0,"p":0.7}}