{"type":"exdeorum:compressed_sieve","ingredient":{"tag":"exdeorum:compressed/soul_sand"},"mesh":"exdeorum:golden_mesh","result":"minecraft:gunpowder","result_amount":{"type":"minecraft:binomial","n":7.0,"p":0.1}}