{"type":"exdeorum:sieve","ingredient":{"item":"minecraft:sand"},"mesh":"exdeorum:golden_mesh","result":"minecraft:gold_nugget","result_amount":{"type":"minecraft:binomial","n":3.0,"p":0.28}}