{"type":"exdeorum:sieve","ingredient":{"item":"minecraft:sand"},"mesh":"exdeorum:golden_mesh","result":"minecraft:kelp","result_amount":{"type":"minecraft:binomial","n":1.0,"p":0.05}}