{"type":"exdeorum:sieve","ingredient":{"item":"minecraft:sand"},"mesh":"exdeorum:golden_mesh","result":"exdeorum:random_armor_trim","result_amount":{"type":"minecraft:binomial","n":1.0,"p":0.02}}