{"type":"exdeorum:compressed_sieve","ingredient":{"tag":"exdeorum:compressed/crushed_netherrack"},"mesh":"exdeorum:golden_mesh","result":"minecraft:quartz","result_amount":{"type":"minecraft:binomial","n":7.0,"p":0.13}}