{"type":"exdeorum:compressed_sieve","ingredient":{"tag":"exdeorum:compressed/dirt"},"mesh":"exdeorum:golden_mesh","result":"exdeorum:deepslate_pebble","result_amount":{"type":"minecraft:binomial","n":21.0,"p":0.55}}