{"type":"exdeorum:compressed_sieve","ingredient":{"tag":"exdeorum:compressed/dirt"},"mesh":"exdeorum:golden_mesh","result":"minecraft:golden_carrot","result_amount":{"type":"minecraft:binomial","n":7.0,"p":0.02}}