{"type":"exdeorum:compressed_sieve","ingredient":{"tag":"exdeorum:compressed/dirt"},"mesh":"exdeorum:golden_mesh","result":"exdeorum:mycelium_spores","result_amount":{"type":"minecraft:binomial","n":7.0,"p":0.13}}