{"type":"exdeorum:sieve","ingredient":{"item":"exdeorum:crushed_end_stone"},"mesh":"exdeorum:golden_mesh","result":"minecraft:chorus_flower","result_amount":{"type":"minecraft:binomial","n":1.0,"p":0.06}}