{"type":"exdeorum:sieve","ingredient":{"item":"exdeorum:crushed_blackstone"},"mesh":"exdeorum:golden_mesh","result":"minecraft:ancient_debris","result_amount":{"type":"minecraft:binomial","n":1.0,"p":0.05}}