{"type":"exdeorum:sieve","ingredient":{"item":"exdeorum:crushed_blackstone"},"mesh":"exdeorum:golden_mesh","result":"minecraft:gold_nugget","result_amount":{"type":"minecraft:binomial","n":8.0,"p":0.325}}