{"type":"exdeorum:sieve","ingredient":{"item":"minecraft:gravel"},"mesh":"exdeorum:golden_mesh","result":"minecraft:lapis_lazuli","result_amount":{"type":"minecraft:binomial","n":1.0,"p":0.1}}