{"type":"exdeorum:sieve","ingredient":{"item":"minecraft:gravel"},"mesh":"exdeorum:golden_mesh","result":"exdeorum:stone_pebble","result_amount":{"type":"minecraft:binomial","n":4.0,"p":0.5}}