{"type":"exdeorum:sieve","ingredient":{"item":"exdeorum:dust"},"mesh":"exdeorum:golden_mesh","result":"minecraft:redstone","result_amount":{"type":"minecraft:binomial","n":1.0,"p":0.12}}