{"type":"exdeorum:compressed_sieve","ingredient":{"tag":"exdeorum:compressed/gravel"},"mesh":"exdeorum:golden_mesh","result":"minecraft:emerald","result_amount":{"type":"minecraft:binomial","n":7.0,"p":0.09}}